[Sat Mar 21 03:33:19 2026] PHP 8.2.12 Development Server (http://localhost:8000) started
[Sat Mar 21 03:34:19 2026] [::1]:63218 Accepted
[Sat Mar 21 03:34:19 2026] [::1]:63218 [200]: HEAD /privacy.html
[Sat Mar 21 03:34:19 2026] [::1]:63218 Closing
[Sat Mar 21 03:34:31 2026] [::1]:63226 Accepted
[Sat Mar 21 03:34:31 2026] [::1]:63226 [503]: HEAD /
[Sat Mar 21 03:34:31 2026] [::1]:63226 Closing
[Sat Mar 21 03:36:30 2026] [::1]:61324 Accepted
[Sat Mar 21 03:36:35 2026] [::1]:61324 [200]: HEAD /
[Sat Mar 21 03:36:35 2026] [::1]:61324 Closing
[Sat Mar 21 03:36:46 2026] [::1]:61342 Accepted
[Sat Mar 21 03:36:47 2026] [::1]:61342 [200]: HEAD /
[Sat Mar 21 03:36:47 2026] [::1]:61342 Closing
[Sat Mar 21 03:38:02 2026] [::1]:58549 Accepted
[Sat Mar 21 03:38:03 2026] [::1]:58549 [200]: HEAD /
[Sat Mar 21 03:38:03 2026] [::1]:58549 Closing
[Sat Mar 21 03:39:32 2026] [::1]:59273 Accepted
[Sat Mar 21 03:39:33 2026] [::1]:59273 [200]: GET /
[Sat Mar 21 03:39:33 2026] [::1]:59273 Closing
[Sat Mar 21 03:39:33 2026] [::1]:51292 Accepted
[Sat Mar 21 03:39:34 2026] [::1]:51292 [200]: GET /get-cart-html.php?v=1774064374667
[Sat Mar 21 03:39:34 2026] [::1]:51292 Closing
[Sat Mar 21 03:39:34 2026] [::1]:58764 Accepted
[Sat Mar 21 03:39:34 2026] [::1]:58764 [200]: POST /cart-api.php
[Sat Mar 21 03:39:34 2026] [::1]:58764 Closing
[Sat Mar 21 03:39:35 2026] [::1]:50610 Accepted
[Sat Mar 21 03:39:35 2026] [::1]:50610 [200]: GET /public/images/favicon.svg
[Sat Mar 21 03:39:35 2026] [::1]:50610 Closing
[Sat Mar 21 03:39:39 2026] [::1]:65452 Accepted
[Sat Mar 21 03:39:40 2026] [::1]:65452 [200]: GET /undefined
[Sat Mar 21 03:39:40 2026] [::1]:65452 Closing
[Sat Mar 21 03:39:41 2026] [::1]:53786 Accepted
[Sat Mar 21 03:39:42 2026] [::1]:53786 [200]: GET /undefined
[Sat Mar 21 03:39:42 2026] [::1]:53786 Closing
[Sat Mar 21 03:39:51 2026] [::1]:63673 Accepted
[Sat Mar 21 03:39:52 2026] [::1]:63673 [200]: GET /undefined
[Sat Mar 21 03:39:52 2026] [::1]:63673 Closing
[Sat Mar 21 03:48:45 2026] [::1]:62737 Accepted
[Sat Mar 21 03:48:45 2026] [::1]:61158 Accepted
[Sat Mar 21 03:48:47 2026] [::1]:62737 [200]: GET /
[Sat Mar 21 03:48:47 2026] [::1]:62737 Closing
[Sat Mar 21 03:48:50 2026] [::1]:61158 [200]: GET /get-cart-html.php?v=1774064930270
[Sat Mar 21 03:48:50 2026] [::1]:61158 Closing
[Sat Mar 21 03:48:50 2026] [::1]:62684 Accepted
[Sat Mar 21 03:48:50 2026] [::1]:62684 [200]: POST /cart-api.php
[Sat Mar 21 03:48:50 2026] [::1]:62684 Closing
[Sat Mar 21 03:48:51 2026] [::1]:55070 Accepted
[Sat Mar 21 03:48:51 2026] [::1]:55070 [200]: GET /public/images/favicon.svg
[Sat Mar 21 03:48:51 2026] [::1]:55070 Closing
[Sat Mar 21 03:48:53 2026] [::1]:57729 Accepted
[Sat Mar 21 03:48:54 2026] [::1]:57729 [200]: GET /undefined
[Sat Mar 21 03:48:54 2026] [::1]:57729 Closing
[Sat Mar 21 03:49:23 2026] [::1]:56674 Accepted
[Sat Mar 21 03:49:23 2026] [::1]:63641 Accepted
[Sat Mar 21 03:49:24 2026] [::1]:63641 [200]: GET /
[Sat Mar 21 03:49:24 2026] [::1]:63641 Closing
[Sat Mar 21 03:49:26 2026] [::1]:56674 [200]: GET /get-cart-html.php?v=1774064966406
[Sat Mar 21 03:49:26 2026] [::1]:56674 Closing
[Sat Mar 21 03:49:26 2026] [::1]:63272 Accepted
[Sat Mar 21 03:49:26 2026] [::1]:63272 [200]: POST /cart-api.php
[Sat Mar 21 03:49:26 2026] [::1]:63272 Closing
[Sat Mar 21 03:49:29 2026] [::1]:50684 Accepted
[Sat Mar 21 03:49:29 2026] [::1]:50684 [200]: GET /public/images/favicon.svg
[Sat Mar 21 03:49:29 2026] [::1]:50684 Closing
[Sat Mar 21 03:49:42 2026] [::1]:62598 Accepted
[Sat Mar 21 03:49:44 2026] [::1]:62598 [200]: GET /
[Sat Mar 21 03:49:44 2026] [::1]:62598 Closing
[Sat Mar 21 03:49:44 2026] [::1]:60989 Accepted
[Sat Mar 21 03:49:45 2026] [::1]:60989 [200]: GET /get-cart-html.php?v=1774064985303
[Sat Mar 21 03:49:45 2026] [::1]:60989 Closing
[Sat Mar 21 03:49:45 2026] [::1]:52409 Accepted
[Sat Mar 21 03:49:45 2026] [::1]:52409 [200]: POST /cart-api.php
[Sat Mar 21 03:49:45 2026] [::1]:52409 Closing
[Sat Mar 21 03:49:45 2026] [::1]:51380 Accepted
[Sat Mar 21 03:49:45 2026] [::1]:51380 [200]: GET /public/images/favicon.svg
[Sat Mar 21 03:49:45 2026] [::1]:51380 Closing
[Sat Mar 21 03:51:18 2026] [::1]:64526 Accepted
[Sat Mar 21 03:51:20 2026] [::1]:64526 [200]: GET /
[Sat Mar 21 03:51:20 2026] [::1]:64526 Closing
[Sat Mar 21 03:51:20 2026] [::1]:64527 Accepted
[Sat Mar 21 03:51:20 2026] [::1]:64527 [200]: GET /subscribe.html
[Sat Mar 21 03:51:20 2026] [::1]:64527 Closing
[Sat Mar 21 03:53:43 2026] [::1]:57614 Accepted
[Sat Mar 21 03:53:45 2026] [::1]:57614 [200]: GET /undefined
[Sat Mar 21 03:53:45 2026] [::1]:57614 Closing
[Sat Mar 21 03:53:54 2026] [::1]:62690 Accepted
[Sat Mar 21 03:53:55 2026] [::1]:62690 [200]: GET /undefined
[Sat Mar 21 03:53:55 2026] [::1]:62690 Closing
[Sat Mar 21 03:58:17 2026] [::1]:52014 Accepted
[Sat Mar 21 03:58:17 2026] [::1]:60255 Accepted
[Sat Mar 21 03:58:18 2026] [::1]:60255 [200]: GET /
[Sat Mar 21 03:58:18 2026] [::1]:60255 Closing
[Sat Mar 21 03:58:20 2026] [::1]:52014 [200]: GET /get-cart-html.php?v=1774065500181
[Sat Mar 21 03:58:20 2026] [::1]:52014 Closing
[Sat Mar 21 03:58:20 2026] [::1]:52265 Accepted
[Sat Mar 21 03:58:20 2026] [::1]:52265 [200]: POST /cart-api.php
[Sat Mar 21 03:58:20 2026] [::1]:52265 Closing
[Sat Mar 21 03:58:21 2026] [::1]:57458 Accepted
[Sat Mar 21 03:58:21 2026] [::1]:57458 [200]: GET /public/images/favicon.svg
[Sat Mar 21 03:58:21 2026] [::1]:57458 Closing
[Sat Mar 21 03:58:24 2026] [::1]:57110 Accepted
[Sat Mar 21 03:58:26 2026] [::1]:57110 [200]: GET /undefined
[Sat Mar 21 03:58:26 2026] [::1]:57110 Closing
[Sat Mar 21 03:58:35 2026] [::1]:57181 Accepted
[Sat Mar 21 03:58:36 2026] [::1]:57181 [200]: GET /undefined
[Sat Mar 21 03:58:36 2026] [::1]:57181 Closing
[Sat Mar 21 04:06:00 2026] [::1]:57756 Accepted
[Sat Mar 21 04:06:00 2026] [::1]:57756 [200]: GET /contact.php
[Sat Mar 21 04:06:00 2026] [::1]:57756 Closing
[Sat Mar 21 04:06:00 2026] [::1]:57757 Accepted
[Sat Mar 21 04:06:00 2026] [::1]:57758 Accepted
[Sat Mar 21 04:06:00 2026] [::1]:57757 [200]: GET /register.php
[Sat Mar 21 04:06:00 2026] [::1]:57757 Closing
[Sat Mar 21 04:06:01 2026] [::1]:57758 [200]: GET /index.php
[Sat Mar 21 04:06:01 2026] [::1]:57758 Closing
[Sat Mar 21 04:06:09 2026] [::1]:57772 Accepted
[Sat Mar 21 04:06:09 2026] [::1]:57772 [200]: GET /privacy.php
[Sat Mar 21 04:06:09 2026] [::1]:57772 Closing
[Sat Mar 21 04:06:58 2026] [::1]:57800 Accepted
[Sat Mar 21 04:06:59 2026] [::1]:57800 [200]: GET /index.php
[Sat Mar 21 04:06:59 2026] [::1]:57800 Closing
[Sat Mar 21 04:07:00 2026] [::1]:57808 Accepted
[Sat Mar 21 04:07:00 2026] [::1]:57808 [200]: GET /contact.php
[Sat Mar 21 04:07:00 2026] [::1]:57808 Closing
[Sat Mar 21 04:07:00 2026] [::1]:57810 Accepted
[Sat Mar 21 04:07:00 2026] [::1]:57810 [200]: GET /register.php
[Sat Mar 21 04:07:00 2026] [::1]:57810 Closing
[Sat Mar 21 04:07:00 2026] [::1]:57812 Accepted
[Sat Mar 21 04:07:00 2026] [::1]:57812 [200]: GET /privacy.php
[Sat Mar 21 04:07:00 2026] [::1]:57812 Closing
[Sat Mar 21 04:07:00 2026] [::1]:57814 Accepted
[Sat Mar 21 04:07:00 2026] [::1]:57814 [200]: GET /ip_blocked.php
[Sat Mar 21 04:07:00 2026] [::1]:57814 Closing
[Sat Mar 21 04:07:12 2026] [::1]:57823 Accepted
[Sat Mar 21 04:07:12 2026] [::1]:57823 [200]: GET /register.php
[Sat Mar 21 04:07:12 2026] [::1]:57823 Closing
[Sat Mar 21 04:07:27 2026] [::1]:57835 Accepted
[Sat Mar 21 04:07:27 2026] [::1]:57835 [200]: GET /index.php
[Sat Mar 21 04:07:27 2026] [::1]:57835 Closing
[Sat Mar 21 04:07:27 2026] [::1]:57843 Accepted
[Sat Mar 21 04:07:27 2026] [::1]:57843 [200]: GET /contact.php
[Sat Mar 21 04:07:27 2026] [::1]:57843 Closing
[Sat Mar 21 04:07:28 2026] [::1]:57845 Accepted
[Sat Mar 21 04:07:28 2026] [::1]:57845 [200]: GET /register.php
[Sat Mar 21 04:07:28 2026] [::1]:57845 Closing
[Sat Mar 21 04:07:28 2026] [::1]:57848 Accepted
[Sat Mar 21 04:07:28 2026] [::1]:57848 [200]: GET /privacy.php
[Sat Mar 21 04:07:28 2026] [::1]:57848 Closing
[Sat Mar 21 04:07:28 2026] [::1]:57850 Accepted
[Sat Mar 21 04:07:28 2026] [::1]:57850 [200]: GET /ip_blocked.php
[Sat Mar 21 04:07:28 2026] [::1]:57850 Closing
[Sat Mar 21 04:09:05 2026] [::1]:51477 Accepted
[Sat Mar 21 04:09:05 2026] [::1]:51429 Accepted
[Sat Mar 21 04:09:06 2026] [::1]:51477 [200]: GET /
[Sat Mar 21 04:09:06 2026] [::1]:51477 Closing
[Sat Mar 21 04:09:08 2026] [::1]:51429 [200]: GET /get-cart-html.php?v=1774066148718
[Sat Mar 21 04:09:08 2026] [::1]:51429 Closing
[Sat Mar 21 04:09:08 2026] [::1]:49668 Accepted
[Sat Mar 21 04:09:09 2026] [::1]:49668 [200]: POST /cart-api.php
[Sat Mar 21 04:09:09 2026] [::1]:49668 Closing
[Sat Mar 21 04:09:09 2026] [::1]:49672 Accepted
[Sat Mar 21 04:09:09 2026] [::1]:49672 [200]: GET /forgot_password.php
[Sat Mar 21 04:09:09 2026] [::1]:49672 Closing
[Sat Mar 21 04:09:09 2026] [::1]:49674 Accepted
[Sat Mar 21 04:09:09 2026] [::1]:49674 [200]: GET /reset_password.php
[Sat Mar 21 04:09:09 2026] [::1]:49674 Closing
[Sat Mar 21 04:09:09 2026] [::1]:57323 Accepted
[Sat Mar 21 04:09:09 2026] [::1]:57323 [200]: GET /public/images/favicon.svg
[Sat Mar 21 04:09:09 2026] [::1]:57323 Closing
[Sat Mar 21 04:09:09 2026] [::1]:57324 Accepted
[Sat Mar 21 04:09:09 2026] [::1]:57324 [302]: GET /otp-page.php
[Sat Mar 21 04:09:09 2026] [::1]:57324 Closing
[Sat Mar 21 04:09:09 2026] [::1]:57326 Accepted
[Sat Mar 21 04:09:10 2026] [::1]:57326 [200]: GET /product.php?id=49
[Sat Mar 21 04:09:10 2026] [::1]:57326 Closing
[Sat Mar 21 04:09:10 2026] [::1]:57330 Accepted
[Sat Mar 21 04:09:10 2026] [::1]:57330 [200]: GET /filter.php
[Sat Mar 21 04:09:10 2026] [::1]:57330 Closing
[Sat Mar 21 04:09:11 2026] [::1]:60804 Accepted
[Sat Mar 21 04:09:12 2026] [::1]:60804 [200]: GET /undefined
[Sat Mar 21 04:09:12 2026] [::1]:60804 Closing
[Sat Mar 21 04:09:12 2026] [::1]:55227 Accepted
[Sat Mar 21 04:09:13 2026] [::1]:55227 [200]: GET /undefined
[Sat Mar 21 04:09:13 2026] [::1]:55227 Closing
[Sat Mar 21 04:14:08 2026] [::1]:59244 Accepted
[Sat Mar 21 04:14:08 2026] [::1]:59244 [200]: GET /register.php
[Sat Mar 21 04:14:08 2026] [::1]:59244 Closing
[Sat Mar 21 04:14:08 2026] [::1]:59771 Accepted
[Sat Mar 21 04:14:13 2026] [::1]:59771 [200]: GET /
[Sat Mar 21 04:14:13 2026] [::1]:59771 Closing
[Sat Mar 21 04:14:13 2026] [::1]:59205 Accepted
[Sat Mar 21 04:14:14 2026] [::1]:59205 [200]: GET /get-cart-html.php?v=1774066454577
[Sat Mar 21 04:14:14 2026] [::1]:59205 Closing
[Sat Mar 21 04:14:14 2026] [::1]:54135 Accepted
[Sat Mar 21 04:14:14 2026] [::1]:54135 [200]: POST /cart-api.php
[Sat Mar 21 04:14:14 2026] [::1]:54135 Closing
[Sat Mar 21 04:14:19 2026] [::1]:60091 Accepted
[Sat Mar 21 04:14:20 2026] [::1]:60091 [200]: GET /undefined
[Sat Mar 21 04:14:20 2026] [::1]:60091 Closing
[Sat Mar 21 04:14:22 2026] [::1]:58550 Accepted
[Sat Mar 21 04:14:22 2026] [::1]:58550 [200]: GET /undefined
[Sat Mar 21 04:14:22 2026] [::1]:58550 Closing
[Sat Mar 21 04:17:08 2026] [::1]:63320 Accepted
[Sat Mar 21 04:17:10 2026] [::1]:63320 [200]: GET /
[Sat Mar 21 04:17:10 2026] [::1]:63320 Closing
[Sat Mar 21 04:17:10 2026] [::1]:50307 Accepted
[Sat Mar 21 04:17:11 2026] [::1]:50307 [200]: GET /get-cart-html.php?v=1774066631832
[Sat Mar 21 04:17:11 2026] [::1]:50307 Closing
[Sat Mar 21 04:17:11 2026] [::1]:54843 Accepted
[Sat Mar 21 04:17:12 2026] [::1]:54843 [200]: POST /cart-api.php
[Sat Mar 21 04:17:12 2026] [::1]:54843 Closing
[Sat Mar 21 04:17:12 2026] [::1]:63757 Accepted
[Sat Mar 21 04:17:12 2026] [::1]:63757 [200]: GET /public/images/favicon.svg
[Sat Mar 21 04:17:12 2026] [::1]:63757 Closing
[Sat Mar 21 04:17:18 2026] [::1]:59225 Accepted
[Sat Mar 21 04:17:19 2026] [::1]:59225 [200]: GET /undefined
[Sat Mar 21 04:17:19 2026] [::1]:59225 Closing
[Sat Mar 21 04:17:37 2026] [::1]:62081 Accepted
[Sat Mar 21 04:17:38 2026] [::1]:62081 [200]: GET /undefined
[Sat Mar 21 04:17:38 2026] [::1]:62081 Closing
[Sat Mar 21 04:17:44 2026] [::1]:58711 Accepted
[Sat Mar 21 04:17:45 2026] [::1]:58711 [200]: GET /undefined
[Sat Mar 21 04:17:45 2026] [::1]:58711 Closing
[Sat Mar 21 04:18:04 2026] [::1]:53070 Accepted
[Sat Mar 21 04:18:04 2026] [::1]:61722 Accepted
[Sat Mar 21 04:18:07 2026] [::1]:53070 [200]: GET /
[Sat Mar 21 04:18:07 2026] [::1]:53070 Closing
[Sat Mar 21 04:18:09 2026] [::1]:61722 [200]: GET /get-cart-html.php?v=1774066689584
[Sat Mar 21 04:18:09 2026] [::1]:61722 Closing
[Sat Mar 21 04:18:09 2026] [::1]:60646 Accepted
[Sat Mar 21 04:18:10 2026] [::1]:60646 [200]: POST /cart-api.php
[Sat Mar 21 04:18:10 2026] [::1]:60646 Closing
[Sat Mar 21 04:18:12 2026] [::1]:57432 Accepted
[Sat Mar 21 04:18:17 2026] [::1]:57432 [200]: GET /undefined
[Sat Mar 21 04:18:17 2026] [::1]:57432 Closing
[Sat Mar 21 04:18:20 2026] [::1]:53066 Accepted
[Sat Mar 21 04:18:25 2026] [::1]:53066 [200]: GET /undefined
[Sat Mar 21 04:18:25 2026] [::1]:53066 Closing
[Sat Mar 21 04:18:25 2026] [::1]:64901 Accepted
[Sat Mar 21 04:18:25 2026] [::1]:64901 [404]: GET /.well-known/appspecific/com.chrome.devtools.json - No such file or directory
[Sat Mar 21 04:18:25 2026] [::1]:64901 Closing
[Sat Mar 21 04:18:53 2026] [::1]:65454 Accepted
[Sat Mar 21 04:18:53 2026] [::1]:65454 [200]: GET /public/images/favicon.svg
[Sat Mar 21 04:18:53 2026] [::1]:65454 Closing
[Sat Mar 21 04:19:21 2026] [::1]:60715 Accepted
[Sat Mar 21 04:19:24 2026] [::1]:60715 [200]: GET /undefined
[Sat Mar 21 04:19:24 2026] [::1]:60715 Closing
[Sat Mar 21 04:20:31 2026] [::1]:53112 Accepted
[Sat Mar 21 04:20:32 2026] [::1]:57622 Accepted
[Sat Mar 21 04:20:32 2026] [::1]:53112 [200]: GET /filter.php
[Sat Mar 21 04:20:32 2026] [::1]:53112 Closing
[Sat Mar 21 04:20:33 2026] [::1]:57622 [200]: POST /filter_ajax.php
[Sat Mar 21 04:20:33 2026] [::1]:57622 Closing
[Sat Mar 21 04:20:33 2026] [::1]:55392 Accepted
[Sat Mar 21 04:20:33 2026] [::1]:55392 [200]: GET /get-cart-html.php?v=1774066833192
[Sat Mar 21 04:20:33 2026] [::1]:55392 Closing
[Sat Mar 21 04:20:33 2026] [::1]:51735 Accepted
[Sat Mar 21 04:20:33 2026] [::1]:51735 [200]: POST /cart-api.php
[Sat Mar 21 04:20:33 2026] [::1]:51735 Closing
[Sat Mar 21 04:20:42 2026] [::1]:59308 Accepted
[Sat Mar 21 04:20:42 2026] [::1]:63524 Accepted
[Sat Mar 21 04:20:43 2026] [::1]:59308 [200]: GET /filter.php?categurie=%D8%A8%D8%A7%D9%82%D8%A7%D8%AA%20%D9%88%D8%B9%D8%B1%D9%88%D8%B6
[Sat Mar 21 04:20:43 2026] [::1]:59308 Closing
[Sat Mar 21 04:20:43 2026] [::1]:63524 [200]: GET /get-cart-html.php?v=1774066843354
[Sat Mar 21 04:20:43 2026] [::1]:63524 Closing
[Sat Mar 21 04:20:43 2026] [::1]:55393 Accepted
[Sat Mar 21 04:20:43 2026] [::1]:55393 [200]: POST /filter_ajax.php
[Sat Mar 21 04:20:43 2026] [::1]:55393 Closing
[Sat Mar 21 04:20:43 2026] [::1]:55062 Accepted
[Sat Mar 21 04:20:43 2026] [::1]:55062 [200]: POST /cart-api.php
[Sat Mar 21 04:20:43 2026] [::1]:55062 Closing
[Sat Mar 21 04:20:47 2026] [::1]:49269 Accepted
[Sat Mar 21 04:20:47 2026] [::1]:56776 Accepted
[Sat Mar 21 04:20:47 2026] [::1]:49269 [200]: GET /filter.php?categurie=%D8%AC%D8%A7%D9%83%D9%8A%D8%AA
[Sat Mar 21 04:20:47 2026] [::1]:49269 Closing
[Sat Mar 21 04:20:47 2026] [::1]:56776 [200]: GET /get-cart-html.php?v=1774066847899
[Sat Mar 21 04:20:47 2026] [::1]:56776 Closing
[Sat Mar 21 04:20:47 2026] [::1]:51604 Accepted
[Sat Mar 21 04:20:48 2026] [::1]:51604 [200]: POST /filter_ajax.php
[Sat Mar 21 04:20:48 2026] [::1]:51604 Closing
[Sat Mar 21 04:20:48 2026] [::1]:55142 Accepted
[Sat Mar 21 04:20:48 2026] [::1]:55142 [200]: POST /cart-api.php
[Sat Mar 21 04:20:48 2026] [::1]:55142 Closing
[Sat Mar 21 04:20:50 2026] [::1]:57881 Accepted
[Sat Mar 21 04:20:50 2026] [::1]:53711 Accepted
[Sat Mar 21 04:20:51 2026] [::1]:57881 [200]: GET /filter.php?categurie=%D9%85%D9%84%D8%A7%D8%A8%D8%B3%20%D8%B5%D9%8A%D9%81%D9%8A%D8%A9
[Sat Mar 21 04:20:51 2026] [::1]:57881 Closing
[Sat Mar 21 04:20:51 2026] [::1]:53711 [200]: GET /get-cart-html.php?v=1774066851522
[Sat Mar 21 04:20:51 2026] [::1]:53711 Closing
[Sat Mar 21 04:20:51 2026] [::1]:49315 Accepted
[Sat Mar 21 04:20:52 2026] [::1]:49315 [200]: POST /filter_ajax.php
[Sat Mar 21 04:20:52 2026] [::1]:49315 Closing
[Sat Mar 21 04:20:52 2026] [::1]:52946 Accepted
[Sat Mar 21 04:20:52 2026] [::1]:52946 [200]: POST /cart-api.php
[Sat Mar 21 04:20:52 2026] [::1]:52946 Closing
[Sat Mar 21 04:20:53 2026] [::1]:65525 Accepted
[Sat Mar 21 04:20:54 2026] [::1]:61725 Accepted
[Sat Mar 21 04:20:55 2026] [::1]:65525 [200]: GET /filter.php?categurie=%D8%B3%D8%B1%D8%A7%D9%88%D9%8A%D9%84
[Sat Mar 21 04:20:55 2026] [::1]:65525 Closing
[Sat Mar 21 04:20:56 2026] [::1]:61725 [200]: POST /filter_ajax.php
[Sat Mar 21 04:20:56 2026] [::1]:61725 Closing
[Sat Mar 21 04:20:56 2026] [::1]:50572 Accepted
[Sat Mar 21 04:20:56 2026] [::1]:50572 [200]: GET /get-cart-html.php?v=1774066855411
[Sat Mar 21 04:20:56 2026] [::1]:50572 Closing
[Sat Mar 21 04:20:56 2026] [::1]:63178 Accepted
[Sat Mar 21 04:20:57 2026] [::1]:63178 [200]: POST /cart-api.php
[Sat Mar 21 04:20:57 2026] [::1]:63178 Closing
[Sat Mar 21 04:20:57 2026] [::1]:53647 Accepted
[Sat Mar 21 04:20:57 2026] [::1]:54386 Accepted
[Sat Mar 21 04:20:58 2026] [::1]:53647 [200]: GET /filter.php?categurie=%D8%A3%D8%AD%D8%AF%D9%8A%D8%A9
[Sat Mar 21 04:20:58 2026] [::1]:53647 Closing
[Sat Mar 21 04:20:59 2026] [::1]:54386 [200]: GET /get-cart-html.php?v=1774066859097
[Sat Mar 21 04:20:59 2026] [::1]:54386 Closing
[Sat Mar 21 04:20:59 2026] [::1]:52972 Accepted
[Sat Mar 21 04:21:00 2026] [::1]:52972 [200]: POST /filter_ajax.php
[Sat Mar 21 04:21:00 2026] [::1]:52972 Closing
[Sat Mar 21 04:21:00 2026] [::1]:59841 Accepted
[Sat Mar 21 04:21:00 2026] [::1]:59841 [200]: POST /cart-api.php
[Sat Mar 21 04:21:00 2026] [::1]:59841 Closing
[Sat Mar 21 04:21:04 2026] [::1]:56383 Accepted
[Sat Mar 21 04:21:04 2026] [::1]:60015 Accepted
[Sat Mar 21 04:21:05 2026] [::1]:56383 [200]: GET /filter.php?categurie=%D8%A7%D9%83%D8%B3%D8%B3%D9%88%D8%A7%D8%B1%D8%A7%D8%AA%20%D8%B1%D8%AC%D8%A7%D9%84%D9%8A%D8%A9
[Sat Mar 21 04:21:05 2026] [::1]:56383 Closing
[Sat Mar 21 04:21:05 2026] [::1]:60015 [200]: GET /get-cart-html.php?v=1774066865460
[Sat Mar 21 04:21:05 2026] [::1]:60015 Closing
[Sat Mar 21 04:21:05 2026] [::1]:53619 Accepted
[Sat Mar 21 04:21:05 2026] [::1]:53619 [200]: POST /filter_ajax.php
[Sat Mar 21 04:21:05 2026] [::1]:53619 Closing
[Sat Mar 21 04:21:05 2026] [::1]:53832 Accepted
[Sat Mar 21 04:21:06 2026] [::1]:53832 [200]: POST /cart-api.php
[Sat Mar 21 04:21:06 2026] [::1]:53832 Closing
[Sat Mar 21 04:21:08 2026] [::1]:61584 Accepted
[Sat Mar 21 04:21:08 2026] [::1]:64888 Accepted
[Sat Mar 21 04:21:09 2026] [::1]:61584 [200]: GET /index.php
[Sat Mar 21 04:21:09 2026] [::1]:61584 Closing
[Sat Mar 21 04:21:11 2026] [::1]:64888 [200]: GET /get-cart-html.php?v=1774066871007
[Sat Mar 21 04:21:11 2026] [::1]:64888 Closing
[Sat Mar 21 04:21:11 2026] [::1]:56616 Accepted
[Sat Mar 21 04:21:11 2026] [::1]:56616 [200]: POST /cart-api.php
[Sat Mar 21 04:21:11 2026] [::1]:56616 Closing
[Sat Mar 21 04:21:14 2026] [::1]:57784 Accepted
[Sat Mar 21 04:21:15 2026] [::1]:57784 [200]: GET /undefined
[Sat Mar 21 04:21:15 2026] [::1]:57784 Closing
[Sat Mar 21 04:21:31 2026] [::1]:60640 Accepted
[Sat Mar 21 04:21:31 2026] [::1]:60640 [200]: GET /undefined
[Sat Mar 21 04:21:31 2026] [::1]:60640 Closing
[Sat Mar 21 04:27:45 2026] [::1]:60018 Accepted
[Sat Mar 21 04:27:45 2026] [::1]:59362 Accepted
[Sat Mar 21 04:27:46 2026] [::1]:60018 [200]: GET /filter.php
[Sat Mar 21 04:27:46 2026] [::1]:60018 Closing
[Sat Mar 21 04:27:48 2026] [::1]:59362 [200]: POST /filter_ajax.php
[Sat Mar 21 04:27:48 2026] [::1]:59362 Closing
[Sat Mar 21 04:27:48 2026] [::1]:62676 Accepted
[Sat Mar 21 04:27:48 2026] [::1]:62676 [200]: GET /get-cart-html.php?v=1774067267398
[Sat Mar 21 04:27:48 2026] [::1]:62676 Closing
[Sat Mar 21 04:27:48 2026] [::1]:60161 Accepted
[Sat Mar 21 04:27:48 2026] [::1]:60161 [200]: POST /cart-api.php
[Sat Mar 21 04:27:48 2026] [::1]:60161 Closing
[Sat Mar 21 04:27:56 2026] [::1]:63696 Accepted
[Sat Mar 21 04:27:56 2026] [::1]:60439 Accepted
[Sat Mar 21 04:27:58 2026] [::1]:63696 [200]: GET /index.php
[Sat Mar 21 04:27:58 2026] [::1]:63696 Closing
[Sat Mar 21 04:27:58 2026] [::1]:55766 Accepted
[Sat Mar 21 04:28:00 2026] [::1]:60439 [200]: GET /index.php
[Sat Mar 21 04:28:00 2026] [::1]:60439 Closing
[Sat Mar 21 04:28:01 2026] [::1]:55766 [200]: GET /get-cart-html.php?v=1774067281498
[Sat Mar 21 04:28:01 2026] [::1]:55766 Closing
[Sat Mar 21 04:28:01 2026] [::1]:52169 Accepted
[Sat Mar 21 04:28:01 2026] [::1]:52169 [200]: POST /cart-api.php
[Sat Mar 21 04:28:01 2026] [::1]:52169 Closing
[Sat Mar 21 04:28:04 2026] [::1]:62012 Accepted
[Sat Mar 21 04:28:06 2026] [::1]:62012 [200]: GET /undefined
[Sat Mar 21 04:28:06 2026] [::1]:62012 Closing
[Sat Mar 21 04:28:06 2026] [::1]:58118 Accepted
[Sat Mar 21 04:28:06 2026] [::1]:58479 Accepted
[Sat Mar 21 04:28:06 2026] [::1]:58118 [200]: GET /filter.php?category=%D9%85%D9%84%D8%A7%D8%A8%D8%B3%20%D8%B5%D9%8A%D9%81%D9%8A%D8%A9
[Sat Mar 21 04:28:06 2026] [::1]:58118 Closing
[Sat Mar 21 04:28:07 2026] [::1]:58479 [200]: GET /filter.php?category=%D9%85%D9%84%D8%A7%D8%A8%D8%B3%20%D8%B5%D9%8A%D9%81%D9%8A%D8%A9
[Sat Mar 21 04:28:07 2026] [::1]:58479 Closing
[Sat Mar 21 04:28:07 2026] [::1]:52255 Accepted
[Sat Mar 21 04:28:07 2026] [::1]:58305 Accepted
[Sat Mar 21 04:28:07 2026] [::1]:52255 [200]: GET /get-cart-html.php?v=1774067287316
[Sat Mar 21 04:28:07 2026] [::1]:52255 Closing
[Sat Mar 21 04:28:07 2026] [::1]:58305 [200]: POST /filter_ajax.php
[Sat Mar 21 04:28:07 2026] [::1]:58305 Closing
[Sat Mar 21 04:28:07 2026] [::1]:57506 Accepted
[Sat Mar 21 04:28:07 2026] [::1]:57506 [200]: POST /cart-api.php
[Sat Mar 21 04:28:07 2026] [::1]:57506 Closing
[Sat Mar 21 04:28:09 2026] [::1]:62419 Accepted
[Sat Mar 21 04:28:09 2026] [::1]:64630 Accepted
[Sat Mar 21 04:28:10 2026] [::1]:62419 [200]: GET /index.php
[Sat Mar 21 04:28:10 2026] [::1]:62419 Closing
[Sat Mar 21 04:28:11 2026] [::1]:64630 [200]: GET /get-cart-html.php?v=1774067291574
[Sat Mar 21 04:28:11 2026] [::1]:64630 Closing
[Sat Mar 21 04:28:11 2026] [::1]:64215 Accepted
[Sat Mar 21 04:28:11 2026] [::1]:64215 [200]: POST /cart-api.php
[Sat Mar 21 04:28:11 2026] [::1]:64215 Closing
[Sat Mar 21 04:28:14 2026] [::1]:53185 Accepted
[Sat Mar 21 04:28:16 2026] [::1]:53185 [200]: GET /undefined
[Sat Mar 21 04:28:16 2026] [::1]:53185 Closing
[Sat Mar 21 04:31:52 2026] [::1]:63750 Accepted
[Sat Mar 21 04:31:54 2026] [::1]:63750 [200]: GET /index.php
[Sat Mar 21 04:31:54 2026] [::1]:63750 Closing
[Sat Mar 21 04:31:54 2026] [::1]:58269 Accepted
[Sat Mar 21 04:31:55 2026] [::1]:58269 [200]: GET /get-cart-html.php?v=1774067515751
[Sat Mar 21 04:31:55 2026] [::1]:58269 Closing
[Sat Mar 21 04:31:55 2026] [::1]:63828 Accepted
[Sat Mar 21 04:31:55 2026] [::1]:63828 [200]: POST /cart-api.php
[Sat Mar 21 04:31:55 2026] [::1]:63828 Closing
[Sat Mar 21 04:31:56 2026] [::1]:62877 Accepted
[Sat Mar 21 04:31:56 2026] [::1]:62877 [200]: GET /public/images/favicon.svg
[Sat Mar 21 04:31:56 2026] [::1]:62877 Closing
[Sat Mar 21 04:31:58 2026] [::1]:51989 Accepted
[Sat Mar 21 04:32:00 2026] [::1]:51989 [200]: GET /undefined
[Sat Mar 21 04:32:00 2026] [::1]:51989 Closing
[Sat Mar 21 04:34:16 2026] [::1]:57513 Accepted
[Sat Mar 21 04:34:16 2026] [::1]:65434 Accepted
[Sat Mar 21 04:34:19 2026] [::1]:57513 [200]: GET /index.php
[Sat Mar 21 04:34:19 2026] [::1]:57513 Closing
[Sat Mar 21 04:34:21 2026] [::1]:65434 [200]: GET /get-cart-html.php?v=1774067661409
[Sat Mar 21 04:34:21 2026] [::1]:65434 Closing
[Sat Mar 21 04:34:21 2026] [::1]:51952 Accepted
[Sat Mar 21 04:34:21 2026] [::1]:51952 [200]: POST /cart-api.php
[Sat Mar 21 04:34:21 2026] [::1]:51952 Closing
[Sat Mar 21 04:34:24 2026] [::1]:58827 Accepted
[Sat Mar 21 04:34:27 2026] [::1]:58827 [200]: GET /undefined
[Sat Mar 21 04:34:27 2026] [::1]:58827 Closing
[Sat Mar 21 04:34:29 2026] [::1]:59896 Accepted
[Sat Mar 21 04:34:29 2026] [::1]:59896 [200]: GET /public/images/favicon.svg
[Sat Mar 21 04:34:29 2026] [::1]:59896 Closing
[Sat Mar 21 04:34:48 2026] [::1]:54994 Accepted
[Sat Mar 21 04:34:48 2026] [::1]:60135 Accepted
[Sat Mar 21 04:34:51 2026] [::1]:54994 [200]: GET /index.php
[Sat Mar 21 04:34:51 2026] [::1]:54994 Closing
[Sat Mar 21 04:34:52 2026] [::1]:60135 [200]: GET /get-cart-html.php?v=1774067692598
[Sat Mar 21 04:34:52 2026] [::1]:60135 Closing
[Sat Mar 21 04:34:52 2026] [::1]:59663 Accepted
[Sat Mar 21 04:34:53 2026] [::1]:59663 [200]: POST /cart-api.php
[Sat Mar 21 04:34:53 2026] [::1]:59663 Closing
[Sat Mar 21 04:34:55 2026] [::1]:59010 Accepted
[Sat Mar 21 04:35:00 2026] [::1]:59010 [200]: GET /undefined
[Sat Mar 21 04:35:00 2026] [::1]:59010 Closing
[Sat Mar 21 04:35:01 2026] [::1]:61444 Accepted
[Sat Mar 21 04:35:01 2026] [::1]:61444 [200]: GET /public/images/favicon.svg
[Sat Mar 21 04:35:01 2026] [::1]:61444 Closing
[Sat Mar 21 04:37:00 2026] [::1]:53738 Accepted
[Sat Mar 21 04:37:00 2026] [::1]:49785 Accepted
[Sat Mar 21 04:37:05 2026] [::1]:49785 [200]: GET /index.php
[Sat Mar 21 04:37:06 2026] [::1]:49785 Closing
[Sat Mar 21 04:37:08 2026] [::1]:53738 [200]: GET /get-cart-html.php?v=1774067827980
[Sat Mar 21 04:37:08 2026] [::1]:53738 Closing
[Sat Mar 21 04:37:08 2026] [::1]:51978 Accepted
[Sat Mar 21 04:37:08 2026] [::1]:51978 [200]: POST /cart-api.php
[Sat Mar 21 04:37:08 2026] [::1]:51978 Closing
[Sat Mar 21 04:37:09 2026] [::1]:63915 Accepted
[Sat Mar 21 04:37:09 2026] [::1]:63915 [200]: GET /public/images/favicon.svg
[Sat Mar 21 04:37:09 2026] [::1]:63915 Closing
[Sat Mar 21 04:37:11 2026] [::1]:51057 Accepted
[Sat Mar 21 04:37:13 2026] [::1]:51057 [200]: GET /undefined
[Sat Mar 21 04:37:13 2026] [::1]:51057 Closing
[Sat Mar 21 04:37:23 2026] [::1]:64524 Accepted
[Sat Mar 21 04:37:23 2026] [::1]:62876 Accepted
[Sat Mar 21 04:37:25 2026] [::1]:62876 [200]: GET /index.php
[Sat Mar 21 04:37:25 2026] [::1]:62876 Closing
[Sat Mar 21 04:37:26 2026] [::1]:64524 [200]: GET /get-cart-html.php?v=1774067846786
[Sat Mar 21 04:37:26 2026] [::1]:64524 Closing
[Sat Mar 21 04:37:26 2026] [::1]:63107 Accepted
[Sat Mar 21 04:37:26 2026] [::1]:63107 [200]: POST /cart-api.php
[Sat Mar 21 04:37:26 2026] [::1]:63107 Closing
[Sat Mar 21 04:37:27 2026] [::1]:59012 Accepted
[Sat Mar 21 04:37:27 2026] [::1]:59012 [200]: GET /public/images/favicon.svg
[Sat Mar 21 04:37:27 2026] [::1]:59012 Closing
[Sat Mar 21 04:37:29 2026] [::1]:65001 Accepted
[Sat Mar 21 04:37:31 2026] [::1]:65001 [200]: GET /undefined
[Sat Mar 21 04:37:31 2026] [::1]:65001 Closing
[Sat Mar 21 04:37:34 2026] [::1]:60590 Accepted
[Sat Mar 21 04:37:36 2026] [::1]:60590 [200]: GET /undefined
[Sat Mar 21 04:37:36 2026] [::1]:60590 Closing
[Sat Mar 21 04:37:40 2026] [::1]:61397 Accepted
[Sat Mar 21 04:37:41 2026] [::1]:61397 [200]: GET /undefined
[Sat Mar 21 04:37:41 2026] [::1]:61397 Closing
[Sat Mar 21 04:44:17 2026] [::1]:51291 Accepted
[Sat Mar 21 04:44:17 2026] [::1]:57168 Accepted
[Sat Mar 21 04:44:18 2026] [::1]:51291 [200]: GET /index.php
[Sat Mar 21 04:44:18 2026] [::1]:51291 Closing
[Sat Mar 21 04:44:20 2026] [::1]:57168 [200]: GET /get-cart-html.php?v=1774068260539
[Sat Mar 21 04:44:20 2026] [::1]:57168 Closing
[Sat Mar 21 04:44:20 2026] [::1]:50061 Accepted
[Sat Mar 21 04:44:20 2026] [::1]:50061 [200]: POST /cart-api.php
[Sat Mar 21 04:44:20 2026] [::1]:50061 Closing
[Sat Mar 21 04:44:21 2026] [::1]:51406 Accepted
[Sat Mar 21 04:44:21 2026] [::1]:51406 [200]: GET /public/images/favicon.svg
[Sat Mar 21 04:44:21 2026] [::1]:51406 Closing
[Sat Mar 21 04:44:27 2026] [::1]:59586 Accepted
[Sat Mar 21 04:44:29 2026] [::1]:59586 [200]: GET /undefined
[Sat Mar 21 04:44:29 2026] [::1]:59586 Closing
[Sat Mar 21 04:44:29 2026] [::1]:51507 Accepted
[Sat Mar 21 04:44:30 2026] [::1]:51507 [200]: GET /undefined
[Sat Mar 21 04:44:30 2026] [::1]:51507 Closing
[Sat Mar 21 04:44:47 2026] [::1]:65341 Accepted
[Sat Mar 21 04:44:47 2026] [::1]:65341 [404]: GET /.well-known/appspecific/com.chrome.devtools.json - No such file or directory
[Sat Mar 21 04:44:47 2026] [::1]:65341 Closing
[Sat Mar 21 08:46:32 2026] [::1]:65300 Accepted
[Sat Mar 21 08:46:32 2026] [::1]:59719 Accepted
[Sat Mar 21 08:46:34 2026] [::1]:65300 [200]: GET /index.php
[Sat Mar 21 08:46:34 2026] [::1]:65300 Closing
[Sat Mar 21 08:46:36 2026] [::1]:59719 [200]: GET /get-cart-html.php?v=1774082796303
[Sat Mar 21 08:46:36 2026] [::1]:59719 Closing
[Sat Mar 21 08:46:36 2026] [::1]:64542 Accepted
[Sat Mar 21 08:46:36 2026] [::1]:64542 [200]: POST /cart-api.php
[Sat Mar 21 08:46:36 2026] [::1]:64542 Closing
[Sat Mar 21 08:46:36 2026] [::1]:55958 Accepted
[Sat Mar 21 08:46:36 2026] [::1]:55958 [200]: GET /public/images/favicon.svg
[Sat Mar 21 08:46:36 2026] [::1]:55958 Closing
[Sat Mar 21 08:46:56 2026] [::1]:64547 Accepted
[Sat Mar 21 08:46:58 2026] [::1]:64547 [200]: GET /undefined
[Sat Mar 21 08:46:58 2026] [::1]:64547 Closing
[Sat Mar 21 08:59:41 2026] [::1]:56728 Accepted
[Sat Mar 21 09:02:54 2026] [::1]:56728 Closed without sending a request; it was probably just an unused speculative preconnection
[Sat Mar 21 09:02:54 2026] [::1]:56728 Closing
[Sat Mar 21 09:04:55 2026] [::1]:55743 Accepted
[Sat Mar 21 09:04:55 2026] [::1]:50060 Accepted
[Sat Mar 21 09:05:08 2026] [::1]:55743 [200]: GET /index.php
[Sat Mar 21 09:05:08 2026] [::1]:55743 Closing
[Sat Mar 21 09:05:10 2026] [::1]:50060 [200]: GET /get-cart-html.php?v=1774083909970
[Sat Mar 21 09:05:10 2026] [::1]:50060 Closing
[Sat Mar 21 09:05:10 2026] [::1]:59992 Accepted
[Sat Mar 21 09:05:10 2026] [::1]:59992 [200]: POST /cart-api.php
[Sat Mar 21 09:05:10 2026] [::1]:59992 Closing
[Sat Mar 21 09:05:10 2026] [::1]:51574 Accepted
[Sat Mar 21 09:05:10 2026] [::1]:51574 [200]: GET /public/images/favicon.svg
[Sat Mar 21 09:05:10 2026] [::1]:51574 Closing
[Sat Mar 21 09:05:14 2026] [::1]:56745 Accepted
[Sat Mar 21 09:05:15 2026] [::1]:56745 [200]: GET /undefined
[Sat Mar 21 09:05:15 2026] [::1]:56745 Closing
[Sat Mar 21 09:05:16 2026] [::1]:59167 Accepted
[Sat Mar 21 09:05:17 2026] [::1]:59167 [200]: GET /undefined
[Sat Mar 21 09:05:17 2026] [::1]:59167 Closing
[Sat Mar 21 09:05:19 2026] [::1]:57260 Accepted
[Sat Mar 21 09:05:20 2026] [::1]:57260 [200]: GET /undefined
[Sat Mar 21 09:05:20 2026] [::1]:57260 Closing
[Sat Mar 21 09:05:26 2026] [::1]:60477 Accepted
[Sat Mar 21 09:05:26 2026] [::1]:52667 Accepted
[Sat Mar 21 09:05:27 2026] [::1]:60477 [200]: GET /index.php
[Sat Mar 21 09:05:27 2026] [::1]:60477 Closing
[Sat Mar 21 09:05:28 2026] [::1]:52667 [200]: GET /get-cart-html.php?v=1774083928774
[Sat Mar 21 09:05:28 2026] [::1]:52667 Closing
[Sat Mar 21 09:05:28 2026] [::1]:49344 Accepted
[Sat Mar 21 09:05:28 2026] [::1]:49344 [200]: POST /cart-api.php
[Sat Mar 21 09:05:28 2026] [::1]:49344 Closing
[Sat Mar 21 09:05:33 2026] [::1]:49668 Accepted
[Sat Mar 21 09:05:34 2026] [::1]:49668 [200]: GET /undefined
[Sat Mar 21 09:05:34 2026] [::1]:49668 Closing
[Sat Mar 21 09:05:36 2026] [::1]:50060 Accepted
[Sat Mar 21 09:05:37 2026] [::1]:50060 [200]: GET /undefined
[Sat Mar 21 09:05:37 2026] [::1]:50060 Closing
[Sat Mar 21 09:09:26 2026] [::1]:57505 Accepted
[Sat Mar 21 09:09:26 2026] [::1]:65322 Accepted
[Sat Mar 21 09:09:27 2026] [::1]:57505 [200]: GET /index.php
[Sat Mar 21 09:09:27 2026] [::1]:57505 Closing
[Sat Mar 21 09:09:29 2026] [::1]:65322 [200]: GET /get-cart-html.php?v=1774084168982
[Sat Mar 21 09:09:29 2026] [::1]:65322 Closing
[Sat Mar 21 09:09:29 2026] [::1]:49786 Accepted
[Sat Mar 21 09:09:29 2026] [::1]:49786 [200]: POST /cart-api.php
[Sat Mar 21 09:09:29 2026] [::1]:49786 Closing
[Sat Mar 21 09:09:29 2026] [::1]:51193 Accepted
[Sat Mar 21 09:09:29 2026] [::1]:51193 [200]: GET /public/images/favicon.svg
[Sat Mar 21 09:09:29 2026] [::1]:51193 Closing
[Sat Mar 21 09:09:32 2026] [::1]:64640 Accepted
[Sat Mar 21 09:09:33 2026] [::1]:64640 [200]: GET /undefined
[Sat Mar 21 09:09:33 2026] [::1]:64640 Closing
[Sat Mar 21 09:09:36 2026] [::1]:61581 Accepted
[Sat Mar 21 09:09:37 2026] [::1]:61581 [200]: GET /undefined
[Sat Mar 21 09:09:37 2026] [::1]:61581 Closing
[Sat Mar 21 09:09:40 2026] [::1]:62042 Accepted
[Sat Mar 21 09:09:41 2026] [::1]:62042 [200]: GET /undefined
[Sat Mar 21 09:09:41 2026] [::1]:62042 Closing
[Sat Mar 21 09:16:29 2026] [::1]:57846 Accepted
[Sat Mar 21 09:16:29 2026] [::1]:61283 Accepted
[Sat Mar 21 09:16:31 2026] [::1]:57846 [200]: GET /index.php
[Sat Mar 21 09:16:31 2026] [::1]:57846 Closing
[Sat Mar 21 09:16:33 2026] [::1]:61283 [200]: GET /get-cart-html.php?v=1774084593169
[Sat Mar 21 09:16:33 2026] [::1]:61283 Closing
[Sat Mar 21 09:16:33 2026] [::1]:49785 Accepted
[Sat Mar 21 09:16:33 2026] [::1]:49785 [200]: POST /cart-api.php
[Sat Mar 21 09:16:33 2026] [::1]:49785 Closing
[Sat Mar 21 09:16:34 2026] [::1]:55718 Accepted
[Sat Mar 21 09:16:34 2026] [::1]:55718 [200]: GET /public/images/favicon.svg
[Sat Mar 21 09:16:34 2026] [::1]:55718 Closing
[Sat Mar 21 09:16:36 2026] [::1]:52251 Accepted
[Sat Mar 21 09:16:37 2026] [::1]:52251 [200]: GET /undefined
[Sat Mar 21 09:16:37 2026] [::1]:52251 Closing
[Sat Mar 21 09:17:06 2026] [::1]:49369 Accepted
[Sat Mar 21 09:17:07 2026] [::1]:49369 [200]: GET /undefined
[Sat Mar 21 09:17:07 2026] [::1]:49369 Closing
[Sat Mar 21 09:20:26 2026] [::1]:52245 Accepted
[Sat Mar 21 09:20:26 2026] [::1]:53912 Accepted
[Sat Mar 21 09:20:27 2026] [::1]:52245 [200]: GET /index.php
[Sat Mar 21 09:20:27 2026] [::1]:52245 Closing
[Sat Mar 21 09:20:29 2026] [::1]:53912 [200]: GET /get-cart-html.php?v=1774084829263
[Sat Mar 21 09:20:29 2026] [::1]:53912 Closing
[Sat Mar 21 09:20:29 2026] [::1]:63722 Accepted
[Sat Mar 21 09:20:29 2026] [::1]:63722 [200]: POST /cart-api.php
[Sat Mar 21 09:20:29 2026] [::1]:63722 Closing
[Sat Mar 21 09:20:29 2026] [::1]:61244 Accepted
[Sat Mar 21 09:20:29 2026] [::1]:61244 [200]: GET /public/images/favicon.svg
[Sat Mar 21 09:20:29 2026] [::1]:61244 Closing
[Sat Mar 21 09:20:32 2026] [::1]:50303 Accepted
[Sat Mar 21 09:20:33 2026] [::1]:50303 [200]: GET /undefined
[Sat Mar 21 09:20:33 2026] [::1]:50303 Closing
[Sat Mar 21 09:21:09 2026] [::1]:58429 Accepted
[Sat Mar 21 09:21:09 2026] [::1]:56736 Accepted
[Sat Mar 21 09:21:10 2026] [::1]:58429 [200]: GET /index.php
[Sat Mar 21 09:21:10 2026] [::1]:58429 Closing
[Sat Mar 21 09:21:11 2026] [::1]:56736 [200]: GET /get-cart-html.php?v=1774084871898
[Sat Mar 21 09:21:11 2026] [::1]:56736 Closing
[Sat Mar 21 09:21:11 2026] [::1]:60375 Accepted
[Sat Mar 21 09:21:12 2026] [::1]:60375 [200]: POST /cart-api.php
[Sat Mar 21 09:21:12 2026] [::1]:60375 Closing
[Sat Mar 21 09:21:12 2026] [::1]:57648 Accepted
[Sat Mar 21 09:21:12 2026] [::1]:57648 [200]: GET /public/images/favicon.svg
[Sat Mar 21 09:21:12 2026] [::1]:57648 Closing
[Sat Mar 21 09:21:14 2026] [::1]:57237 Accepted
[Sat Mar 21 09:21:16 2026] [::1]:57237 [200]: GET /undefined
[Sat Mar 21 09:21:16 2026] [::1]:57237 Closing
[Sat Mar 21 09:21:39 2026] [::1]:59583 Accepted
[Sat Mar 21 09:21:39 2026] [::1]:54500 Accepted
[Sat Mar 21 09:21:40 2026] [::1]:59583 [200]: GET /index.php
[Sat Mar 21 09:21:40 2026] [::1]:59583 Closing
[Sat Mar 21 09:21:41 2026] [::1]:54500 [200]: GET /get-cart-html.php?v=1774084901598
[Sat Mar 21 09:21:41 2026] [::1]:54500 Closing
[Sat Mar 21 09:21:41 2026] [::1]:51087 Accepted
[Sat Mar 21 09:21:41 2026] [::1]:51087 [200]: POST /cart-api.php
[Sat Mar 21 09:21:41 2026] [::1]:51087 Closing
[Sat Mar 21 09:21:42 2026] [::1]:55802 Accepted
[Sat Mar 21 09:21:42 2026] [::1]:55802 [200]: GET /public/images/favicon.svg
[Sat Mar 21 09:21:42 2026] [::1]:55802 Closing
[Sat Mar 21 09:21:44 2026] [::1]:60116 Accepted
[Sat Mar 21 09:21:45 2026] [::1]:60116 [200]: GET /undefined
[Sat Mar 21 09:21:46 2026] [::1]:60116 Closing
[Sat Mar 21 09:21:50 2026] [::1]:56997 Accepted
[Sat Mar 21 09:21:51 2026] [::1]:56997 [200]: GET /undefined
[Sat Mar 21 09:21:51 2026] [::1]:56997 Closing
[Sat Mar 21 09:23:12 2026] [::1]:52891 Accepted
[Sat Mar 21 09:23:13 2026] [::1]:52891 [200]: GET /undefined
[Sat Mar 21 09:23:13 2026] [::1]:52891 Closing
[Sat Mar 21 10:25:34 2026] [::1]:63078 Accepted
[Sat Mar 21 10:25:34 2026] [::1]:55718 Accepted
[Sat Mar 21 10:25:36 2026] [::1]:63078 [200]: GET /index.php
[Sat Mar 21 10:25:36 2026] [::1]:63078 Closing
[Sat Mar 21 10:25:37 2026] [::1]:55718 [200]: GET /get-cart-html.php?v=1774088737212
[Sat Mar 21 10:25:37 2026] [::1]:55718 Closing
[Sat Mar 21 10:25:37 2026] [::1]:53160 Accepted
[Sat Mar 21 10:25:37 2026] [::1]:53160 [200]: POST /cart-api.php
[Sat Mar 21 10:25:37 2026] [::1]:53160 Closing
[Sat Mar 21 10:25:38 2026] [::1]:57647 Accepted
[Sat Mar 21 10:25:38 2026] [::1]:57647 [200]: GET /public/images/favicon.svg
[Sat Mar 21 10:25:38 2026] [::1]:57647 Closing
[Sat Mar 21 10:25:40 2026] [::1]:61951 Accepted
[Sat Mar 21 10:25:41 2026] [::1]:61951 [200]: GET /undefined
[Sat Mar 21 10:25:41 2026] [::1]:61951 Closing
[Sat Mar 21 10:25:56 2026] [::1]:65331 Accepted
[Sat Mar 21 10:25:56 2026] [::1]:58860 Accepted
[Sat Mar 21 10:25:57 2026] [::1]:65331 [200]: GET /index.php
[Sat Mar 21 10:25:57 2026] [::1]:65331 Closing
[Sat Mar 21 10:25:58 2026] [::1]:58860 [200]: GET /get-cart-html.php?v=1774088758124
[Sat Mar 21 10:25:58 2026] [::1]:58860 Closing
[Sat Mar 21 10:25:58 2026] [::1]:62907 Accepted
[Sat Mar 21 10:25:58 2026] [::1]:62907 [200]: POST /cart-api.php
[Sat Mar 21 10:25:58 2026] [::1]:62907 Closing
[Sat Mar 21 10:25:58 2026] [::1]:65282 Accepted
[Sat Mar 21 10:25:58 2026] [::1]:65282 [200]: GET /public/images/favicon.svg
[Sat Mar 21 10:25:58 2026] [::1]:65282 Closing
[Sat Mar 21 10:26:01 2026] [::1]:50104 Accepted
[Sat Mar 21 10:26:02 2026] [::1]:50104 [200]: GET /undefined
[Sat Mar 21 10:26:02 2026] [::1]:50104 Closing
[Sat Mar 21 10:26:05 2026] [::1]:59844 Accepted
[Sat Mar 21 10:26:06 2026] [::1]:59844 [200]: GET /undefined
[Sat Mar 21 10:26:06 2026] [::1]:59844 Closing
[Sat Mar 21 10:26:09 2026] [::1]:60306 Accepted
[Sat Mar 21 10:26:10 2026] [::1]:60306 [200]: GET /undefined
[Sat Mar 21 10:26:10 2026] [::1]:60306 Closing
[Sat Mar 21 10:32:43 2026] [::1]:51177 Accepted
[Sat Mar 21 10:32:43 2026] [::1]:60173 Accepted
[Sat Mar 21 10:32:44 2026] [::1]:51177 [200]: GET /index.php
[Sat Mar 21 10:32:44 2026] [::1]:51177 Closing
[Sat Mar 21 10:32:46 2026] [::1]:60173 [200]: GET /get-cart-html.php?v=1774089166376
[Sat Mar 21 10:32:46 2026] [::1]:60173 Closing
[Sat Mar 21 10:32:46 2026] [::1]:53074 Accepted
[Sat Mar 21 10:32:46 2026] [::1]:53074 [200]: POST /cart-api.php
[Sat Mar 21 10:32:46 2026] [::1]:53074 Closing
[Sat Mar 21 10:32:46 2026] [::1]:63026 Accepted
[Sat Mar 21 10:32:46 2026] [::1]:63026 [200]: GET /public/images/favicon.svg
[Sat Mar 21 10:32:46 2026] [::1]:63026 Closing
[Sat Mar 21 10:32:49 2026] [::1]:53826 Accepted
[Sat Mar 21 10:32:51 2026] [::1]:53826 [200]: GET /undefined
[Sat Mar 21 10:32:51 2026] [::1]:53826 Closing
[Sat Mar 21 10:32:51 2026] [::1]:50380 Accepted
[Sat Mar 21 10:32:53 2026] [::1]:50380 [200]: GET /undefined
[Sat Mar 21 10:32:53 2026] [::1]:50380 Closing
[Sat Mar 21 10:42:48 2026] [::1]:60283 Accepted
[Sat Mar 21 10:42:48 2026] [::1]:57556 Accepted
[Sat Mar 21 10:42:50 2026] [::1]:60283 [200]: GET /index.php
[Sat Mar 21 10:42:50 2026] [::1]:60283 Closing
[Sat Mar 21 10:42:51 2026] [::1]:57556 [200]: GET /get-cart-html.php?v=1774089771276
[Sat Mar 21 10:42:51 2026] [::1]:57556 Closing
[Sat Mar 21 10:42:51 2026] [::1]:53770 Accepted
[Sat Mar 21 10:42:51 2026] [::1]:53770 [200]: POST /cart-api.php
[Sat Mar 21 10:42:51 2026] [::1]:53770 Closing
[Sat Mar 21 10:42:52 2026] [::1]:61829 Accepted
[Sat Mar 21 10:42:52 2026] [::1]:61829 [200]: GET /public/images/favicon.svg
[Sat Mar 21 10:42:52 2026] [::1]:61829 Closing
[Sat Mar 21 10:42:54 2026] [::1]:60054 Accepted
[Sat Mar 21 10:42:56 2026] [::1]:60054 [200]: GET /undefined
[Sat Mar 21 10:42:56 2026] [::1]:60054 Closing
[Sat Mar 21 10:43:24 2026] [::1]:59244 Accepted
[Sat Mar 21 10:43:25 2026] [::1]:59244 [200]: GET /undefined
[Sat Mar 21 10:43:25 2026] [::1]:59244 Closing
[Sat Mar 21 10:43:25 2026] [::1]:56263 Accepted
[Sat Mar 21 10:43:26 2026] [::1]:56263 [200]: GET /undefined
[Sat Mar 21 10:43:26 2026] [::1]:56263 Closing
[Sat Mar 21 10:48:40 2026] [::1]:57926 Accepted
[Sat Mar 21 10:48:40 2026] [::1]:52314 Accepted
[Sat Mar 21 10:48:42 2026] [::1]:57926 [200]: GET /index.php
[Sat Mar 21 10:48:42 2026] [::1]:57926 Closing
[Sat Mar 21 10:48:43 2026] [::1]:52314 [200]: GET /get-cart-html.php?v=1774090123571
[Sat Mar 21 10:48:43 2026] [::1]:52314 Closing
[Sat Mar 21 10:48:43 2026] [::1]:60750 Accepted
[Sat Mar 21 10:48:43 2026] [::1]:60750 [200]: POST /cart-api.php
[Sat Mar 21 10:48:43 2026] [::1]:60750 Closing
[Sat Mar 21 10:48:44 2026] [::1]:61117 Accepted
[Sat Mar 21 10:48:44 2026] [::1]:61117 [200]: GET /public/images/favicon.svg
[Sat Mar 21 10:48:44 2026] [::1]:61117 Closing
[Sat Mar 21 10:48:48 2026] [::1]:52404 Accepted
[Sat Mar 21 10:48:49 2026] [::1]:52404 [200]: GET /undefined
[Sat Mar 21 10:48:49 2026] [::1]:52404 Closing
[Sat Mar 21 10:48:50 2026] [::1]:60805 Accepted
[Sat Mar 21 10:48:51 2026] [::1]:60805 [200]: GET /undefined
[Sat Mar 21 10:48:51 2026] [::1]:60805 Closing
[Sat Mar 21 10:58:30 2026] [::1]:53895 Accepted
[Sat Mar 21 10:58:30 2026] [::1]:56190 Accepted
[Sat Mar 21 10:58:31 2026] [::1]:53895 [200]: GET /index.php
[Sat Mar 21 10:58:31 2026] [::1]:53895 Closing
[Sat Mar 21 10:58:32 2026] [::1]:56190 [200]: GET /get-cart-html.php?v=1774090712444
[Sat Mar 21 10:58:32 2026] [::1]:56190 Closing
[Sat Mar 21 10:58:32 2026] [::1]:65259 Accepted
[Sat Mar 21 10:58:32 2026] [::1]:65259 [200]: POST /cart-api.php
[Sat Mar 21 10:58:32 2026] [::1]:65259 Closing
[Sat Mar 21 10:58:33 2026] [::1]:50149 Accepted
[Sat Mar 21 10:58:33 2026] [::1]:50149 [200]: GET /public/images/favicon.svg
[Sat Mar 21 10:58:33 2026] [::1]:50149 Closing
[Sat Mar 21 10:58:35 2026] [::1]:53223 Accepted
[Sat Mar 21 10:58:37 2026] [::1]:53223 [200]: GET /undefined
[Sat Mar 21 10:58:37 2026] [::1]:53223 Closing
[Sat Mar 21 11:07:39 2026] [::1]:50184 Accepted
[Sat Mar 21 11:07:39 2026] [::1]:60412 Accepted
[Sat Mar 21 11:07:40 2026] [::1]:50184 [200]: GET /index.php
[Sat Mar 21 11:07:40 2026] [::1]:50184 Closing
[Sat Mar 21 11:07:41 2026] [::1]:60412 [200]: GET /get-cart-html.php?v=1774091261842
[Sat Mar 21 11:07:41 2026] [::1]:60412 Closing
[Sat Mar 21 11:07:41 2026] [::1]:60221 Accepted
[Sat Mar 21 11:07:41 2026] [::1]:60221 [200]: POST /cart-api.php
[Sat Mar 21 11:07:41 2026] [::1]:60221 Closing
[Sat Mar 21 11:07:43 2026] [::1]:63924 Accepted
[Sat Mar 21 11:07:43 2026] [::1]:63924 [200]: GET /public/images/favicon.svg
[Sat Mar 21 11:07:43 2026] [::1]:63924 Closing
[Sat Mar 21 11:07:45 2026] [::1]:52443 Accepted
[Sat Mar 21 11:07:46 2026] [::1]:52443 [200]: GET /undefined
[Sat Mar 21 11:07:46 2026] [::1]:52443 Closing
[Sat Mar 21 11:08:02 2026] [::1]:55974 Accepted
[Sat Mar 21 11:08:03 2026] [::1]:55974 [200]: GET /undefined
[Sat Mar 21 11:08:03 2026] [::1]:55974 Closing
[Sat Mar 21 11:12:58 2026] [::1]:59750 Accepted
[Sat Mar 21 11:12:58 2026] [::1]:60467 Accepted
[Sat Mar 21 11:13:00 2026] [::1]:59750 [200]: GET /index.php
[Sat Mar 21 11:13:00 2026] [::1]:59750 Closing
[Sat Mar 21 11:13:01 2026] [::1]:60467 [200]: GET /get-cart-html.php?v=1774091581728
[Sat Mar 21 11:13:01 2026] [::1]:60467 Closing
[Sat Mar 21 11:13:01 2026] [::1]:58115 Accepted
[Sat Mar 21 11:13:01 2026] [::1]:58115 [200]: POST /cart-api.php
[Sat Mar 21 11:13:01 2026] [::1]:58115 Closing
[Sat Mar 21 11:13:02 2026] [::1]:65512 Accepted
[Sat Mar 21 11:13:02 2026] [::1]:65512 [200]: GET /public/images/favicon.svg
[Sat Mar 21 11:13:02 2026] [::1]:65512 Closing
[Sat Mar 21 11:13:06 2026] [::1]:51249 Accepted
[Sat Mar 21 11:13:07 2026] [::1]:51249 [200]: GET /undefined
[Sat Mar 21 11:13:07 2026] [::1]:51249 Closing
[Sat Mar 21 11:13:09 2026] [::1]:52737 Accepted
[Sat Mar 21 11:13:10 2026] [::1]:52737 [200]: GET /undefined
[Sat Mar 21 11:13:10 2026] [::1]:52737 Closing
[Sat Mar 21 11:13:16 2026] [::1]:51952 Accepted
[Sat Mar 21 11:13:18 2026] [::1]:51952 [200]: GET /undefined
[Sat Mar 21 11:13:18 2026] [::1]:51952 Closing
[Sat Mar 21 11:17:29 2026] [::1]:52957 Accepted
[Sat Mar 21 11:17:29 2026] [::1]:56616 Accepted
[Sat Mar 21 11:17:31 2026] [::1]:52957 [200]: GET /index.php
[Sat Mar 21 11:17:31 2026] [::1]:52957 Closing
[Sat Mar 21 11:17:33 2026] [::1]:56616 [200]: GET /get-cart-html.php?v=1774091853649
[Sat Mar 21 11:17:33 2026] [::1]:56616 Closing
[Sat Mar 21 11:17:33 2026] [::1]:64076 Accepted
[Sat Mar 21 11:17:33 2026] [::1]:64076 [200]: POST /cart-api.php
[Sat Mar 21 11:17:33 2026] [::1]:64076 Closing
[Sat Mar 21 11:17:35 2026] [::1]:50569 Accepted
[Sat Mar 21 11:17:35 2026] [::1]:50569 [200]: GET /public/images/favicon.svg
[Sat Mar 21 11:17:35 2026] [::1]:50569 Closing
[Sat Mar 21 11:17:36 2026] [::1]:50981 Accepted
[Sat Mar 21 11:17:39 2026] [::1]:50981 [200]: GET /undefined
[Sat Mar 21 11:17:39 2026] [::1]:50981 Closing
[Sat Mar 21 11:17:44 2026] [::1]:63090 Accepted
[Sat Mar 21 11:17:46 2026] [::1]:63090 [200]: GET /undefined
[Sat Mar 21 11:17:46 2026] [::1]:63090 Closing
[Sat Mar 21 11:22:08 2026] [::1]:56391 Accepted
[Sat Mar 21 11:22:08 2026] [::1]:54598 Accepted
[Sat Mar 21 11:22:09 2026] [::1]:56391 [200]: GET /filter.php?category=%D9%85%D9%84%D8%A7%D8%A8%D8%B3%20%D8%B5%D9%8A%D9%81%D9%8A%D8%A9
[Sat Mar 21 11:22:09 2026] [::1]:56391 Closing
[Sat Mar 21 11:22:09 2026] [::1]:54598 [200]: GET /get-cart-html.php?v=1774092129647
[Sat Mar 21 11:22:09 2026] [::1]:54598 Closing
[Sat Mar 21 11:22:09 2026] [::1]:62506 Accepted
[Sat Mar 21 11:22:09 2026] [::1]:62506 [200]: POST /filter_ajax.php
[Sat Mar 21 11:22:09 2026] [::1]:62506 Closing
[Sat Mar 21 11:22:09 2026] [::1]:49785 Accepted
[Sat Mar 21 11:22:10 2026] [::1]:49785 [200]: POST /cart-api.php
[Sat Mar 21 11:22:10 2026] [::1]:49785 Closing
[Sat Mar 21 11:22:18 2026] [::1]:51539 Accepted
[Sat Mar 21 11:22:18 2026] [::1]:63906 Accepted
[Sat Mar 21 11:22:19 2026] [::1]:51539 [200]: GET /index.php
[Sat Mar 21 11:22:19 2026] [::1]:51539 Closing
[Sat Mar 21 11:22:20 2026] [::1]:63906 [200]: GET /get-cart-html.php?v=1774092140367
[Sat Mar 21 11:22:20 2026] [::1]:63906 Closing
[Sat Mar 21 11:22:20 2026] [::1]:51222 Accepted
[Sat Mar 21 11:22:20 2026] [::1]:51222 [200]: POST /cart-api.php
[Sat Mar 21 11:22:20 2026] [::1]:51222 Closing
[Sat Mar 21 11:22:25 2026] [::1]:50424 Accepted
[Sat Mar 21 11:22:26 2026] [::1]:50424 [200]: GET /undefined
[Sat Mar 21 11:22:26 2026] [::1]:50424 Closing
[Sat Mar 21 11:22:28 2026] [::1]:50678 Accepted
[Sat Mar 21 11:22:29 2026] [::1]:50678 [200]: GET /undefined
[Sat Mar 21 11:22:29 2026] [::1]:50678 Closing
[Sat Mar 21 11:22:32 2026] [::1]:52259 Accepted
[Sat Mar 21 11:22:33 2026] [::1]:52259 [200]: GET /undefined
[Sat Mar 21 11:22:34 2026] [::1]:52259 Closing
[Sat Mar 21 11:22:44 2026] [::1]:51178 Accepted
[Sat Mar 21 11:22:44 2026] [::1]:61744 Accepted
[Sat Mar 21 11:22:44 2026] [::1]:51178 [200]: GET /filter.php
[Sat Mar 21 11:22:44 2026] [::1]:51178 Closing
[Sat Mar 21 11:22:45 2026] [::1]:61744 [200]: POST /filter_ajax.php
[Sat Mar 21 11:22:45 2026] [::1]:61744 Closing
[Sat Mar 21 11:22:45 2026] [::1]:51620 Accepted
[Sat Mar 21 11:22:45 2026] [::1]:51620 [200]: GET /get-cart-html.php?v=1774092165144
[Sat Mar 21 11:22:45 2026] [::1]:51620 Closing
[Sat Mar 21 11:22:45 2026] [::1]:55351 Accepted
[Sat Mar 21 11:22:45 2026] [::1]:55351 [200]: POST /cart-api.php
[Sat Mar 21 11:22:45 2026] [::1]:55351 Closing
[Sat Mar 21 11:22:51 2026] [::1]:53779 Accepted
[Sat Mar 21 11:22:52 2026] [::1]:53779 [200]: GET /index.php
[Sat Mar 21 11:22:52 2026] [::1]:53779 Closing
[Sat Mar 21 11:22:52 2026] [::1]:60340 Accepted
[Sat Mar 21 11:22:53 2026] [::1]:60340 [200]: GET /get-cart-html.php?v=1774092173474
[Sat Mar 21 11:22:53 2026] [::1]:60340 Closing
[Sat Mar 21 11:22:53 2026] [::1]:50070 Accepted
[Sat Mar 21 11:22:53 2026] [::1]:50070 [200]: POST /cart-api.php
[Sat Mar 21 11:22:53 2026] [::1]:50070 Closing
[Sat Mar 21 11:23:02 2026] [::1]:54768 Accepted
[Sat Mar 21 11:23:03 2026] [::1]:54768 [200]: GET /undefined
[Sat Mar 21 11:23:03 2026] [::1]:54768 Closing
[Sat Mar 21 11:25:11 2026] [::1]:53497 Accepted
[Sat Mar 21 11:25:11 2026] [::1]:52176 Accepted
[Sat Mar 21 11:25:12 2026] [::1]:53497 [200]: GET /index.php
[Sat Mar 21 11:25:12 2026] [::1]:53497 Closing
[Sat Mar 21 11:25:13 2026] [::1]:52176 [200]: GET /get-cart-html.php?v=1774092313636
[Sat Mar 21 11:25:13 2026] [::1]:52176 Closing
[Sat Mar 21 11:25:13 2026] [::1]:51952 Accepted
[Sat Mar 21 11:25:13 2026] [::1]:51952 [200]: POST /cart-api.php
[Sat Mar 21 11:25:13 2026] [::1]:51952 Closing
[Sat Mar 21 11:25:14 2026] [::1]:55720 Accepted
[Sat Mar 21 11:25:14 2026] [::1]:55720 [200]: GET /public/images/favicon.svg
[Sat Mar 21 11:25:14 2026] [::1]:55720 Closing
[Sat Mar 21 11:27:48 2026] [::1]:51400 Accepted
[Sat Mar 21 11:27:48 2026] [::1]:60282 Accepted
[Sat Mar 21 11:27:50 2026] [::1]:51400 [200]: GET /index.php
[Sat Mar 21 11:27:50 2026] [::1]:51400 Closing
[Sat Mar 21 11:27:52 2026] [::1]:60282 [200]: GET /get-cart-html.php?v=1774092472507
[Sat Mar 21 11:27:52 2026] [::1]:60282 Closing
[Sat Mar 21 11:27:52 2026] [::1]:54667 Accepted
[Sat Mar 21 11:27:52 2026] [::1]:54667 [200]: POST /cart-api.php
[Sat Mar 21 11:27:52 2026] [::1]:54667 Closing
[Sat Mar 21 11:27:53 2026] [::1]:49785 Accepted
[Sat Mar 21 11:27:53 2026] [::1]:49785 [200]: GET /public/images/favicon.svg
[Sat Mar 21 11:27:53 2026] [::1]:49785 Closing
[Sat Mar 21 11:29:47 2026] [::1]:64589 Accepted
[Sat Mar 21 11:29:47 2026] [::1]:49218 Accepted
[Sat Mar 21 11:29:49 2026] [::1]:64589 [200]: GET /index.php
[Sat Mar 21 11:29:49 2026] [::1]:64589 Closing
[Sat Mar 21 11:29:50 2026] [::1]:49218 [200]: GET /get-cart-html.php?v=1774092590697
[Sat Mar 21 11:29:50 2026] [::1]:49218 Closing
[Sat Mar 21 11:29:50 2026] [::1]:59535 Accepted
[Sat Mar 21 11:29:50 2026] [::1]:59535 [200]: POST /cart-api.php
[Sat Mar 21 11:29:50 2026] [::1]:59535 Closing
[Sat Mar 21 11:29:51 2026] [::1]:50824 Accepted
[Sat Mar 21 11:29:51 2026] [::1]:50824 [200]: GET /public/images/favicon.svg
[Sat Mar 21 11:29:51 2026] [::1]:50824 Closing
[Sat Mar 21 11:29:55 2026] [::1]:58115 Accepted
[Sat Mar 21 11:29:56 2026] [::1]:58115 [200]: GET /undefined
[Sat Mar 21 11:29:56 2026] [::1]:58115 Closing
[Sat Mar 21 11:29:57 2026] [::1]:59759 Accepted
[Sat Mar 21 11:29:58 2026] [::1]:59759 [200]: GET /undefined
[Sat Mar 21 11:29:58 2026] [::1]:59759 Closing
[Sat Mar 21 11:30:02 2026] [::1]:54051 Accepted
[Sat Mar 21 11:30:03 2026] [::1]:54051 [200]: GET /undefined
[Sat Mar 21 11:30:03 2026] [::1]:54051 Closing
[Sat Mar 21 11:31:04 2026] [::1]:58912 Accepted
[Sat Mar 21 11:31:04 2026] [::1]:63266 Accepted
[Sat Mar 21 11:31:04 2026] [::1]:58912 [200]: GET /filter.php
[Sat Mar 21 11:31:04 2026] [::1]:58912 Closing
[Sat Mar 21 11:31:05 2026] [::1]:63266 [200]: POST /filter_ajax.php
[Sat Mar 21 11:31:05 2026] [::1]:63266 Closing
[Sat Mar 21 11:31:05 2026] [::1]:57155 Accepted
[Sat Mar 21 11:31:05 2026] [::1]:57155 [200]: GET /get-cart-html.php?v=1774092665268
[Sat Mar 21 11:31:05 2026] [::1]:57155 Closing
[Sat Mar 21 11:31:05 2026] [::1]:64529 Accepted
[Sat Mar 21 11:31:05 2026] [::1]:64529 [200]: POST /cart-api.php
[Sat Mar 21 11:31:05 2026] [::1]:64529 Closing
[Sat Mar 21 11:31:23 2026] [::1]:56781 Accepted
[Sat Mar 21 11:31:23 2026] [::1]:62408 Accepted
[Sat Mar 21 11:31:24 2026] [::1]:56781 [200]: GET /index.php
[Sat Mar 21 11:31:24 2026] [::1]:56781 Closing
[Sat Mar 21 11:31:25 2026] [::1]:62408 [200]: GET /get-cart-html.php?v=1774092685466
[Sat Mar 21 11:31:25 2026] [::1]:62408 Closing
[Sat Mar 21 11:31:25 2026] [::1]:56616 Accepted
[Sat Mar 21 11:31:25 2026] [::1]:56616 [200]: POST /cart-api.php
[Sat Mar 21 11:31:25 2026] [::1]:56616 Closing
[Sat Mar 21 11:31:26 2026] [::1]:58595 Accepted
[Sat Mar 21 11:31:26 2026] [::1]:62412 Accepted
[Sat Mar 21 11:31:26 2026] [::1]:58595 [200]: GET /filter.php?categurie=%D8%AC%D8%A7%D9%83%D9%8A%D8%AA
[Sat Mar 21 11:31:26 2026] [::1]:58595 Closing
[Sat Mar 21 11:31:26 2026] [::1]:61473 Accepted
[Sat Mar 21 11:31:26 2026] [::1]:62412 [200]: GET /filter.php?categurie=%D8%AC%D8%A7%D9%83%D9%8A%D8%AA
[Sat Mar 21 11:31:26 2026] [::1]:62412 Closing
[Sat Mar 21 11:31:27 2026] [::1]:61473 [200]: GET /get-cart-html.php?v=1774092687163
[Sat Mar 21 11:31:27 2026] [::1]:61473 Closing
[Sat Mar 21 11:31:27 2026] [::1]:64729 Accepted
[Sat Mar 21 11:31:27 2026] [::1]:64729 [200]: POST /filter_ajax.php
[Sat Mar 21 11:31:27 2026] [::1]:64729 Closing
[Sat Mar 21 11:31:27 2026] [::1]:62697 Accepted
[Sat Mar 21 11:31:27 2026] [::1]:62697 [200]: POST /cart-api.php
[Sat Mar 21 11:31:27 2026] [::1]:62697 Closing
[Sat Mar 21 11:31:27 2026] [::1]:64868 Accepted
[Sat Mar 21 11:31:27 2026] [::1]:64868 [200]: GET /filter.php?categurie=%D8%AC%D8%A7%D9%83%D9%8A%D8%AA
[Sat Mar 21 11:31:27 2026] [::1]:64868 Closing
[Sat Mar 21 11:31:27 2026] [::1]:64503 Accepted
[Sat Mar 21 11:31:28 2026] [::1]:64503 [200]: GET /get-cart-html.php?v=1774092687975
[Sat Mar 21 11:31:28 2026] [::1]:64503 Closing
[Sat Mar 21 11:31:28 2026] [::1]:58646 Accepted
[Sat Mar 21 11:31:28 2026] [::1]:58646 [200]: POST /filter_ajax.php
[Sat Mar 21 11:31:28 2026] [::1]:58646 Closing
[Sat Mar 21 11:31:28 2026] [::1]:49669 Accepted
[Sat Mar 21 11:31:28 2026] [::1]:49669 [200]: POST /cart-api.php
[Sat Mar 21 11:31:28 2026] [::1]:49669 Closing
[Sat Mar 21 11:43:21 2026] [::1]:59979 Accepted
[Sat Mar 21 11:43:21 2026] [::1]:50595 Accepted
[Sat Mar 21 11:43:22 2026] [::1]:59979 [200]: GET /filter.php?categurie=%D8%AC%D8%A7%D9%83%D9%8A%D8%AA
[Sat Mar 21 11:43:22 2026] [::1]:59979 Closing
[Sat Mar 21 11:43:22 2026] [::1]:50595 [200]: GET /get-cart-html.php?v=1774093402721
[Sat Mar 21 11:43:22 2026] [::1]:50595 Closing
[Sat Mar 21 11:43:22 2026] [::1]:57156 Accepted
[Sat Mar 21 11:43:23 2026] [::1]:57156 [200]: POST /filter_ajax.php
[Sat Mar 21 11:43:23 2026] [::1]:57156 Closing
[Sat Mar 21 11:43:23 2026] [::1]:61918 Accepted
[Sat Mar 21 11:43:23 2026] [::1]:61918 [200]: POST /cart-api.php
[Sat Mar 21 11:43:23 2026] [::1]:61918 Closing
[Sat Mar 21 11:43:23 2026] [::1]:57939 Accepted
[Sat Mar 21 11:43:23 2026] [::1]:57939 [200]: GET /public/images/favicon.svg
[Sat Mar 21 11:43:23 2026] [::1]:57939 Closing
[Sat Mar 21 11:46:25 2026] [::1]:58594 Accepted
[Sat Mar 21 11:46:25 2026] [::1]:57961 Accepted
[Sat Mar 21 11:46:25 2026] [::1]:58594 [200]: GET /filter.php?categurie=%D8%AC%D8%A7%D9%83%D9%8A%D8%AA
[Sat Mar 21 11:46:25 2026] [::1]:58594 Closing
[Sat Mar 21 11:46:25 2026] [::1]:57961 [200]: GET /get-cart-html.php?v=1774093585932
[Sat Mar 21 11:46:25 2026] [::1]:57961 Closing
[Sat Mar 21 11:46:25 2026] [::1]:60063 Accepted
[Sat Mar 21 11:46:26 2026] [::1]:60063 [200]: POST /filter_ajax.php
[Sat Mar 21 11:46:26 2026] [::1]:60063 Closing
[Sat Mar 21 11:46:26 2026] [::1]:63188 Accepted
[Sat Mar 21 11:46:26 2026] [::1]:63188 [200]: POST /cart-api.php
[Sat Mar 21 11:46:26 2026] [::1]:63188 Closing
[Sat Mar 21 11:46:26 2026] [::1]:58487 Accepted
[Sat Mar 21 11:46:26 2026] [::1]:58487 [200]: GET /public/images/favicon.svg
[Sat Mar 21 11:46:26 2026] [::1]:58487 Closing
[Sat Mar 21 11:52:21 2026] [::1]:54315 Accepted
[Sat Mar 21 11:52:22 2026] [::1]:54315 [200]: GET /index.php
[Sat Mar 21 11:52:22 2026] [::1]:54315 Closing
[Sat Mar 21 11:52:22 2026] [::1]:58946 Accepted
[Sat Mar 21 11:52:23 2026] [::1]:58946 [200]: GET /get-cart-html.php?v=1774093943428
[Sat Mar 21 11:52:23 2026] [::1]:58946 Closing
[Sat Mar 21 11:52:23 2026] [::1]:59484 Accepted
[Sat Mar 21 11:52:23 2026] [::1]:59484 [200]: POST /cart-api.php
[Sat Mar 21 11:52:23 2026] [::1]:59484 Closing
[Sat Mar 21 11:52:29 2026] [::1]:56916 Accepted
[Sat Mar 21 11:52:29 2026] [::1]:56916 [200]: GET /undefined
[Sat Mar 21 11:52:29 2026] [::1]:56916 Closing
[Sat Mar 21 11:52:32 2026] [::1]:58819 Accepted
[Sat Mar 21 11:52:33 2026] [::1]:58819 [200]: GET /undefined
[Sat Mar 21 11:52:33 2026] [::1]:58819 Closing
[Sat Mar 21 11:52:39 2026] [::1]:61371 Accepted
[Sat Mar 21 11:52:39 2026] [::1]:61371 [200]: GET /undefined
[Sat Mar 21 11:52:40 2026] [::1]:61371 Closing
[Sat Mar 21 11:58:26 2026] [::1]:49386 Accepted
[Sat Mar 21 11:58:27 2026] [::1]:49386 [200]: GET /index.php
[Sat Mar 21 11:58:27 2026] [::1]:49386 Closing
[Sat Mar 21 11:58:27 2026] [::1]:60076 Accepted
[Sat Mar 21 11:58:28 2026] [::1]:60076 [200]: GET /get-cart-html.php?v=1774094308664
[Sat Mar 21 11:58:28 2026] [::1]:60076 Closing
[Sat Mar 21 11:58:28 2026] [::1]:52156 Accepted
[Sat Mar 21 11:58:28 2026] [::1]:52156 [200]: POST /cart-api.php
[Sat Mar 21 11:58:28 2026] [::1]:52156 Closing
[Sat Mar 21 11:58:29 2026] [::1]:52136 Accepted
[Sat Mar 21 11:58:29 2026] [::1]:52136 [200]: GET /public/images/favicon.svg
[Sat Mar 21 11:58:29 2026] [::1]:52136 Closing
[Sat Mar 21 11:58:33 2026] [::1]:60471 Accepted
[Sat Mar 21 11:58:35 2026] [::1]:60471 [200]: GET /undefined
[Sat Mar 21 11:58:35 2026] [::1]:60471 Closing
[Sat Mar 21 12:00:22 2026] [::1]:52226 Accepted
[Sat Mar 21 12:00:22 2026] [::1]:50292 Accepted
[Sat Mar 21 12:00:23 2026] [::1]:52226 [200]: GET /index.php
[Sat Mar 21 12:00:23 2026] [::1]:52226 Closing
[Sat Mar 21 12:00:25 2026] [::1]:50292 [200]: GET /get-cart-html.php?v=1774094425076
[Sat Mar 21 12:00:25 2026] [::1]:50292 Closing
[Sat Mar 21 12:00:25 2026] [::1]:59368 Accepted
[Sat Mar 21 12:00:25 2026] [::1]:59368 [200]: POST /cart-api.php
[Sat Mar 21 12:00:25 2026] [::1]:59368 Closing
[Sat Mar 21 12:00:25 2026] [::1]:54979 Accepted
[Sat Mar 21 12:00:25 2026] [::1]:54979 [200]: GET /public/images/favicon.svg
[Sat Mar 21 12:00:25 2026] [::1]:54979 Closing
[Sat Mar 21 12:00:28 2026] [::1]:52881 Accepted
[Sat Mar 21 12:00:29 2026] [::1]:52881 [200]: GET /undefined
[Sat Mar 21 12:00:29 2026] [::1]:52881 Closing
[Sat Mar 21 12:00:30 2026] [::1]:62499 Accepted
[Sat Mar 21 12:00:31 2026] [::1]:62499 [200]: GET /undefined
[Sat Mar 21 12:00:31 2026] [::1]:62499 Closing
